// Jest Snapshot v1, https://goo.gl/fbAQLP

exports[`Error component should render LinkBtn component 1`] = `
<Link
  className="linkBtn"
  location="/characters"
>
  Назад в Каталог
</Link>
`;
