// Jest Snapshot v1, https://goo.gl/fbAQLP

exports[`Header Component should render Header component 1`] = `
<header
  className="header"
>
  <div
    className="container"
  >
    <nav
      className="navigation"
    >
      <NavLink
        className="logo"
        to="/"
      >
        <img
          alt="Logo"
          src="test-file-stub"
        />
      </NavLink>
      <NavLink
        className={[Function]}
        end={true}
        to="/characters"
      >
        <span
          className="catalog"
        >
          <img
            alt="Burger"
            src="test-file-stub"
          />
          <span>
            Каталог
          </span>
        </span>
      </NavLink>
    </nav>
  </div>
</header>
`;
